// Jest Snapshot v1, https://goo.gl/fbAQLP

exports[`Users route POST A USER should return a 200 status  1`] = `Object {}`;
